2026-04-15 21:19:53 INFO  Utils:112 - [TestNG] Running:
  /Users/sowmya/eclipse-workspace/_PetstoreAutomation/testng.xml

2026-04-15 21:19:53 INFO  UserTest:56 - **** Creating user ****
2026-04-15 21:19:57 INFO  UserTest:62 - **** User is created ****
2026-04-15 21:19:57 INFO  UserTest:71 - **** Reading user info ****
2026-04-15 21:20:03 INFO  UserTest:80 - **** User info displayed ****
2026-04-15 21:20:03 INFO  UserTest:90 - **** Upading user info ****
2026-04-15 21:20:11 INFO  UserTest:107 - ****  User info  is updated ****
2026-04-15 21:20:11 INFO  UserTest:115 - **** Deleting user  ****
2026-04-15 21:20:13 INFO  UserTest:123 - **** User Deleted  ****
2026-04-15 23:14:02 INFO  Utils:112 - [TestNG] Running:
  /Users/sowmya/eclipse-workspace/_PetstoreAutomation/testng.xml

2026-04-15 23:14:03 INFO  UserTest2:60 - **** Creating user ****
2026-04-15 23:14:07 INFO  UserTest2:66 - **** User is created ****
2026-04-15 23:14:07 INFO  UserTest2:75 - **** Reading user info ****
2026-04-15 23:14:09 INFO  UserTest2:84 - **** User info displayed ****
2026-04-15 23:14:09 INFO  UserTest2:94 - **** Updating user info ****
2026-04-15 23:14:12 INFO  UserTest2:111 - ****  User info  is updated ****
2026-04-15 23:14:12 INFO  UserTest2:119 - **** Deleting user  ****
2026-04-15 23:14:14 INFO  UserTest2:127 - **** User Deleted  ****
2026-04-15 23:36:48 INFO  UserTest2:60 - **** Creating user ****
2026-04-15 23:36:53 INFO  UserTest2:66 - **** User is created ****
2026-04-15 23:36:53 INFO  UserTest2:75 - **** Reading user info ****
2026-04-15 23:36:55 INFO  UserTest2:84 - **** User info displayed ****
2026-04-15 23:36:55 INFO  UserTest2:94 - **** Updating user info ****
2026-04-15 23:36:58 INFO  UserTest2:111 - ****  User info  is updated ****
2026-04-15 23:36:58 INFO  UserTest2:119 - **** Deleting user  ****
2026-04-15 23:37:00 INFO  UserTest2:127 - **** User Deleted  ****
2026-04-16 09:44:40 INFO  UserTest2:60 - **** Creating user ****
2026-04-16 09:44:44 INFO  UserTest2:66 - **** User is created ****
2026-04-16 09:44:44 INFO  UserTest2:75 - **** Reading user info ****
2026-04-16 09:44:47 INFO  UserTest2:84 - **** User info displayed ****
2026-04-16 09:44:47 INFO  UserTest2:94 - **** Updating user info ****
2026-04-16 09:44:52 INFO  UserTest2:111 - ****  User info  is updated ****
2026-04-16 09:44:52 INFO  UserTest2:119 - **** Deleting user  ****
2026-04-16 09:44:54 INFO  UserTest2:127 - **** User Deleted  ****
